exports[`order component match snapshot 1`] = `
<div>
  <ul class="ant-list-items">
    <li class="ant-list-item">
      <div class="ant-list-item-meta">
        <div class="ant-list-item-meta-content">
          <h4 class="ant-list-item-meta-title">Ga Deli</h4>
        <div class="ant-list-item-meta-description">10/10</div>
      </div>
      </div>
      <div>4</div>
      <ul class="ant-list-item-action">
      <li>
      <button id="minus-order-1b2cff60-a6c6-11e9-9c55-df503bf9987e" type="button" class="ant-btn minus-order">
        <span>-</span>
      </button><em class="ant-list-item-action-split"></em>
      </li>
      <li><button id="plus-order-1b2cff60-a6c6-11e9-9c55-df503bf9987e" type="button" class="ant-btn plus-order" disabled="">
      <span>+</span></button></li></ul><button id="note-order-1b2cff60-a6c6-11e9-9c55-df503bf9987e" type="button" class="ant-btn ant-btn-primary"><span>Note</span></button></li><li class="ant-list-item"><div class="ant-list-item-meta"><div class="ant-list-item-meta-content"><h4 class="ant-list-item-meta-title">Ca Deli</h4><div class="ant-list-item-meta-description">0/10</div></div></div><div>0</div><ul class="ant-list-item-action"><li><button id="minus-order-a500f6b0-a6c6-11e9-9c55-df503bf9987e" type="button" class="ant-btn minus-order" ant-click-animating-without-extra-node="false" disabled=""><span>-</span></button><em class="ant-list-item-action-split"></em></li><li><button id="plus-order-a500f6b0-a6c6-11e9-9c55-df503bf9987e" type="button" class="ant-btn plus-order" ant-click-animating-without-extra-node="false"><span>+</span></button></li></ul><button id="note-order-a500f6b0-a6c6-11e9-9c55-df503bf9987e" type="button" class="ant-btn ant-btn-primary" disabled=""><span>Note</span></button></li><li class="ant-list-item"><div class="ant-list-item-meta"><div class="ant-list-item-meta-content"><h4 class="ant-list-item-meta-title">Tom Deli</h4><div class="ant-list-item-meta-description">0/15</div></div></div><div>0</div><ul class="ant-list-item-action"><li><button id="minus-order-a976a050-a6c6-11e9-9c55-df503bf9987e" disabled="" type="button" class="ant-btn minus-order"><span>-</span></button><em class="ant-list-item-action-split"></em></li><li><button id="plus-order-a976a050-a6c6-11e9-9c55-df503bf9987e" type="button" class="ant-btn plus-order"><span>+</span></button></li></ul><button id="note-order-a976a050-a6c6-11e9-9c55-df503bf9987e" type="button" class="ant-btn ant-btn-primary" disabled=""><span>Note</span></button></li></ul>
</div>
`